<?xml version="1.0"?>
<link_info>
   <banner>TI ARM Linker PC v16.12.0.STS</banner>
   <copyright>Copyright (c) 1996-2015 Texas Instruments Incorporated</copyright>
   <link_time>0x5897cdc5</link_time>
   <link_errors>0x0</link_errors>
   <output_file>test.out</output_file>
   <entry_point>
      <name>_c_int00</name>
      <address>0x3f40</address>
   </entry_point>
   <input_file_list>
      <input_file id="fl-2">
         <path>.\</path>
         <kind>object</kind>
         <file>main.obj</file>
         <name>main.obj</name>
      </input_file>
      <input_file id="fl-3">
         <path>.\src\</path>
         <kind>object</kind>
         <file>sys_setup.obj</file>
         <name>sys_setup.obj</name>
      </input_file>
      <input_file id="fl-bd">
         <path>C:\ti\ccsv7\tools\compiler\ti-cgt-arm_16.12.0.STS\lib\</path>
         <kind>archive</kind>
         <file>rtsv7R4_A_le_v3D16_eabi.lib</file>
         <name>boot.obj</name>
      </input_file>
      <input_file id="fl-be">
         <path>C:\ti\ccsv7\tools\compiler\ti-cgt-arm_16.12.0.STS\lib\</path>
         <kind>archive</kind>
         <file>rtsv7R4_A_le_v3D16_eabi.lib</file>
         <name>copy_decompress_lzss.obj</name>
      </input_file>
      <input_file id="fl-bf">
         <path>C:\ti\ccsv7\tools\compiler\ti-cgt-arm_16.12.0.STS\lib\</path>
         <kind>archive</kind>
         <file>rtsv7R4_A_le_v3D16_eabi.lib</file>
         <name>copy_decompress_none.obj</name>
      </input_file>
      <input_file id="fl-c0">
         <path>C:\ti\ccsv7\tools\compiler\ti-cgt-arm_16.12.0.STS\lib\</path>
         <kind>archive</kind>
         <file>rtsv7R4_A_le_v3D16_eabi.lib</file>
         <name>copy_zero_init.obj</name>
      </input_file>
      <input_file id="fl-c1">
         <path>C:\ti\ccsv7\tools\compiler\ti-cgt-arm_16.12.0.STS\lib\</path>
         <kind>archive</kind>
         <file>rtsv7R4_A_le_v3D16_eabi.lib</file>
         <name>exit.obj</name>
      </input_file>
      <input_file id="fl-c2">
         <path>C:\ti\ccsv7\tools\compiler\ti-cgt-arm_16.12.0.STS\lib\</path>
         <kind>archive</kind>
         <file>rtsv7R4_A_le_v3D16_eabi.lib</file>
         <name>memcpy32.obj</name>
      </input_file>
      <input_file id="fl-c3">
         <path>C:\ti\ccsv7\tools\compiler\ti-cgt-arm_16.12.0.STS\lib\</path>
         <kind>archive</kind>
         <file>rtsv7R4_A_le_v3D16_eabi.lib</file>
         <name>memset32.obj</name>
      </input_file>
      <input_file id="fl-c4">
         <path>C:\ti\ccsv7\tools\compiler\ti-cgt-arm_16.12.0.STS\lib\</path>
         <kind>archive</kind>
         <file>rtsv7R4_A_le_v3D16_eabi.lib</file>
         <name>mpu_init.obj</name>
      </input_file>
      <input_file id="fl-c5">
         <path>C:\ti\ccsv7\tools\compiler\ti-cgt-arm_16.12.0.STS\lib\</path>
         <kind>archive</kind>
         <file>rtsv7R4_A_le_v3D16_eabi.lib</file>
         <name>pre_init.obj</name>
      </input_file>
      <input_file id="fl-c6">
         <path>C:\ti\ccsv7\tools\compiler\ti-cgt-arm_16.12.0.STS\lib\</path>
         <kind>archive</kind>
         <file>rtsv7R4_A_le_v3D16_eabi.lib</file>
         <name>printf.obj</name>
      </input_file>
      <input_file id="fl-c7">
         <path>C:\ti\ccsv7\tools\compiler\ti-cgt-arm_16.12.0.STS\lib\</path>
         <kind>archive</kind>
         <file>rtsv7R4_A_le_v3D16_eabi.lib</file>
         <name>stkdepth_vars.obj</name>
      </input_file>
      <input_file id="fl-c8">
         <path>C:\ti\ccsv7\tools\compiler\ti-cgt-arm_16.12.0.STS\lib\</path>
         <kind>archive</kind>
         <file>rtsv7R4_A_le_v3D16_eabi.lib</file>
         <name>_lock.obj</name>
      </input_file>
      <input_file id="fl-c9">
         <path>C:\ti\ccsv7\tools\compiler\ti-cgt-arm_16.12.0.STS\lib\</path>
         <kind>archive</kind>
         <file>rtsv7R4_A_le_v3D16_eabi.lib</file>
         <name>_printfi.obj</name>
      </input_file>
      <input_file id="fl-ca">
         <path>C:\ti\ccsv7\tools\compiler\ti-cgt-arm_16.12.0.STS\lib\</path>
         <kind>archive</kind>
         <file>rtsv7R4_A_le_v3D16_eabi.lib</file>
         <name>args_main.obj</name>
      </input_file>
      <input_file id="fl-cb">
         <path>C:\ti\ccsv7\tools\compiler\ti-cgt-arm_16.12.0.STS\lib\</path>
         <kind>archive</kind>
         <file>rtsv7R4_A_le_v3D16_eabi.lib</file>
         <name>atoi.obj</name>
      </input_file>
      <input_file id="fl-cc">
         <path>C:\ti\ccsv7\tools\compiler\ti-cgt-arm_16.12.0.STS\lib\</path>
         <kind>archive</kind>
         <file>rtsv7R4_A_le_v3D16_eabi.lib</file>
         <name>autoinit.obj</name>
      </input_file>
      <input_file id="fl-cd">
         <path>C:\ti\ccsv7\tools\compiler\ti-cgt-arm_16.12.0.STS\lib\</path>
         <kind>archive</kind>
         <file>rtsv7R4_A_le_v3D16_eabi.lib</file>
         <name>cpy_tbl.obj</name>
      </input_file>
      <input_file id="fl-ce">
         <path>C:\ti\ccsv7\tools\compiler\ti-cgt-arm_16.12.0.STS\lib\</path>
         <kind>archive</kind>
         <file>rtsv7R4_A_le_v3D16_eabi.lib</file>
         <name>ctype.obj</name>
      </input_file>
      <input_file id="fl-cf">
         <path>C:\ti\ccsv7\tools\compiler\ti-cgt-arm_16.12.0.STS\lib\</path>
         <kind>archive</kind>
         <file>rtsv7R4_A_le_v3D16_eabi.lib</file>
         <name>defs.obj</name>
      </input_file>
      <input_file id="fl-d0">
         <path>C:\ti\ccsv7\tools\compiler\ti-cgt-arm_16.12.0.STS\lib\</path>
         <kind>archive</kind>
         <file>rtsv7R4_A_le_v3D16_eabi.lib</file>
         <name>fputc.obj</name>
      </input_file>
      <input_file id="fl-d1">
         <path>C:\ti\ccsv7\tools\compiler\ti-cgt-arm_16.12.0.STS\lib\</path>
         <kind>archive</kind>
         <file>rtsv7R4_A_le_v3D16_eabi.lib</file>
         <name>fputs.obj</name>
      </input_file>
      <input_file id="fl-d2">
         <path>C:\ti\ccsv7\tools\compiler\ti-cgt-arm_16.12.0.STS\lib\</path>
         <kind>archive</kind>
         <file>rtsv7R4_A_le_v3D16_eabi.lib</file>
         <name>lowlev.obj</name>
      </input_file>
      <input_file id="fl-d3">
         <path>C:\ti\ccsv7\tools\compiler\ti-cgt-arm_16.12.0.STS\lib\</path>
         <kind>archive</kind>
         <file>rtsv7R4_A_le_v3D16_eabi.lib</file>
         <name>ltoa.obj</name>
      </input_file>
      <input_file id="fl-d4">
         <path>C:\ti\ccsv7\tools\compiler\ti-cgt-arm_16.12.0.STS\lib\</path>
         <kind>archive</kind>
         <file>rtsv7R4_A_le_v3D16_eabi.lib</file>
         <name>memccpy.obj</name>
      </input_file>
      <input_file id="fl-d5">
         <path>C:\ti\ccsv7\tools\compiler\ti-cgt-arm_16.12.0.STS\lib\</path>
         <kind>archive</kind>
         <file>rtsv7R4_A_le_v3D16_eabi.lib</file>
         <name>memchr.obj</name>
      </input_file>
      <input_file id="fl-d6">
         <path>C:\ti\ccsv7\tools\compiler\ti-cgt-arm_16.12.0.STS\lib\</path>
         <kind>archive</kind>
         <file>rtsv7R4_A_le_v3D16_eabi.lib</file>
         <name>s_frexp.obj</name>
      </input_file>
      <input_file id="fl-d7">
         <path>C:\ti\ccsv7\tools\compiler\ti-cgt-arm_16.12.0.STS\lib\</path>
         <kind>archive</kind>
         <file>rtsv7R4_A_le_v3D16_eabi.lib</file>
         <name>s_scalbn.obj</name>
      </input_file>
      <input_file id="fl-d8">
         <path>C:\ti\ccsv7\tools\compiler\ti-cgt-arm_16.12.0.STS\lib\</path>
         <kind>archive</kind>
         <file>rtsv7R4_A_le_v3D16_eabi.lib</file>
         <name>startup.obj</name>
      </input_file>
      <input_file id="fl-d9">
         <path>C:\ti\ccsv7\tools\compiler\ti-cgt-arm_16.12.0.STS\lib\</path>
         <kind>archive</kind>
         <file>rtsv7R4_A_le_v3D16_eabi.lib</file>
         <name>strchr.obj</name>
      </input_file>
      <input_file id="fl-da">
         <path>C:\ti\ccsv7\tools\compiler\ti-cgt-arm_16.12.0.STS\lib\</path>
         <kind>archive</kind>
         <file>rtsv7R4_A_le_v3D16_eabi.lib</file>
         <name>strcmp.obj</name>
      </input_file>
      <input_file id="fl-db">
         <path>C:\ti\ccsv7\tools\compiler\ti-cgt-arm_16.12.0.STS\lib\</path>
         <kind>archive</kind>
         <file>rtsv7R4_A_le_v3D16_eabi.lib</file>
         <name>strlen.obj</name>
      </input_file>
      <input_file id="fl-dc">
         <path>C:\ti\ccsv7\tools\compiler\ti-cgt-arm_16.12.0.STS\lib\</path>
         <kind>archive</kind>
         <file>rtsv7R4_A_le_v3D16_eabi.lib</file>
         <name>strncpy.obj</name>
      </input_file>
      <input_file id="fl-dd">
         <path>C:\ti\ccsv7\tools\compiler\ti-cgt-arm_16.12.0.STS\lib\</path>
         <kind>archive</kind>
         <file>rtsv7R4_A_le_v3D16_eabi.lib</file>
         <name>trgdrv.obj</name>
      </input_file>
      <input_file id="fl-de">
         <path>C:\ti\ccsv7\tools\compiler\ti-cgt-arm_16.12.0.STS\lib\</path>
         <kind>archive</kind>
         <file>rtsv7R4_A_le_v3D16_eabi.lib</file>
         <name>trgmsg.obj</name>
      </input_file>
      <input_file id="fl-df">
         <path>C:\ti\ccsv7\tools\compiler\ti-cgt-arm_16.12.0.STS\lib\</path>
         <kind>archive</kind>
         <file>rtsv7R4_A_le_v3D16_eabi.lib</file>
         <name>u_div32.obj</name>
      </input_file>
      <input_file id="fl-e0">
         <path>C:\ti\ccsv7\tools\compiler\ti-cgt-arm_16.12.0.STS\lib\</path>
         <kind>archive</kind>
         <file>rtsv7R4_A_le_v3D16_eabi.lib</file>
         <name>ull_div32.obj</name>
      </input_file>
      <input_file id="fl-e1">
         <path>C:\ti\ccsv7\tools\compiler\ti-cgt-arm_16.12.0.STS\lib\</path>
         <kind>archive</kind>
         <file>rtsv7R4_A_le_v3D16_eabi.lib</file>
         <name>_io_perm.obj</name>
      </input_file>
      <input_file id="fl-e2">
         <path>C:\ti\ccsv7\tools\compiler\ti-cgt-arm_16.12.0.STS\lib\</path>
         <kind>archive</kind>
         <file>rtsv7R4_A_le_v3D16_eabi.lib</file>
         <name>errno.obj</name>
      </input_file>
      <input_file id="fl-e3">
         <path>C:\ti\ccsv7\tools\compiler\ti-cgt-arm_16.12.0.STS\lib\</path>
         <kind>archive</kind>
         <file>rtsv7R4_A_le_v3D16_eabi.lib</file>
         <name>fflush.obj</name>
      </input_file>
      <input_file id="fl-e4">
         <path>C:\ti\ccsv7\tools\compiler\ti-cgt-arm_16.12.0.STS\lib\</path>
         <kind>archive</kind>
         <file>rtsv7R4_A_le_v3D16_eabi.lib</file>
         <name>fseek.obj</name>
      </input_file>
      <input_file id="fl-e5">
         <path>C:\ti\ccsv7\tools\compiler\ti-cgt-arm_16.12.0.STS\lib\</path>
         <kind>archive</kind>
         <file>rtsv7R4_A_le_v3D16_eabi.lib</file>
         <name>i_div0.obj</name>
      </input_file>
      <input_file id="fl-e6">
         <path>C:\ti\ccsv7\tools\compiler\ti-cgt-arm_16.12.0.STS\lib\</path>
         <kind>archive</kind>
         <file>rtsv7R4_A_le_v3D16_eabi.lib</file>
         <name>i_div32.obj</name>
      </input_file>
      <input_file id="fl-e7">
         <path>C:\ti\ccsv7\tools\compiler\ti-cgt-arm_16.12.0.STS\lib\</path>
         <kind>archive</kind>
         <file>rtsv7R4_A_le_v3D16_eabi.lib</file>
         <name>s_copysign.obj</name>
      </input_file>
      <input_file id="fl-e8">
         <path>C:\ti\ccsv7\tools\compiler\ti-cgt-arm_16.12.0.STS\lib\</path>
         <kind>archive</kind>
         <file>rtsv7R4_A_le_v3D16_eabi.lib</file>
         <name>setvbuf.obj</name>
      </input_file>
      <input_file id="fl-e9">
         <path>C:\ti\ccsv7\tools\compiler\ti-cgt-arm_16.12.0.STS\lib\</path>
         <kind>archive</kind>
         <file>rtsv7R4_A_le_v3D16_eabi.lib</file>
         <name>strcpy.obj</name>
      </input_file>
      <input_file id="fl-ea">
         <path>C:\ti\ccsv7\tools\compiler\ti-cgt-arm_16.12.0.STS\lib\</path>
         <kind>archive</kind>
         <file>rtsv7R4_A_le_v3D16_eabi.lib</file>
         <name>fopen.obj</name>
      </input_file>
      <input_file id="fl-eb">
         <path>C:\ti\ccsv7\tools\compiler\ti-cgt-arm_16.12.0.STS\lib\</path>
         <kind>archive</kind>
         <file>rtsv7R4_A_le_v3D16_eabi.lib</file>
         <name>memory.obj</name>
      </input_file>
      <input_file id="fl-ec">
         <path>C:\ti\ccsv7\tools\compiler\ti-cgt-arm_16.12.0.STS\lib\</path>
         <kind>archive</kind>
         <file>rtsv7R4_A_le_v3D16_eabi.lib</file>
         <name>fclose.obj</name>
      </input_file>
      <input_file id="fl-ed">
         <path>C:\ti\ccsv7\tools\compiler\ti-cgt-arm_16.12.0.STS\lib\</path>
         <kind>archive</kind>
         <file>rtsv7R4_A_le_v3D16_eabi.lib</file>
         <name>remove.obj</name>
      </input_file>
   </input_file_list>
   <object_component_list>
      <object_component id="oc-ff">
         <name>.text</name>
         <load_address>0x20</load_address>
         <run_address>0x20</run_address>
         <size>0x181c</size>
         <input_file_ref idref="fl-c9"/>
      </object_component>
      <object_component id="oc-1ed">
         <name>.text</name>
         <load_address>0x183c</load_address>
         <run_address>0x183c</run_address>
         <size>0x638</size>
         <input_file_ref idref="fl-eb"/>
      </object_component>
      <object_component id="oc-11e">
         <name>.text</name>
         <load_address>0x1e74</load_address>
         <run_address>0x1e74</run_address>
         <size>0x55c</size>
         <input_file_ref idref="fl-d2"/>
      </object_component>
      <object_component id="oc-20a">
         <name>.text</name>
         <load_address>0x23d0</load_address>
         <run_address>0x23d0</run_address>
         <size>0x550</size>
         <input_file_ref idref="fl-dd"/>
      </object_component>
      <object_component id="oc-1f3">
         <name>.text</name>
         <load_address>0x2920</load_address>
         <run_address>0x2920</run_address>
         <size>0x2d4</size>
         <input_file_ref idref="fl-ea"/>
      </object_component>
      <object_component id="oc-134">
         <name>.text</name>
         <load_address>0x2bf4</load_address>
         <run_address>0x2bf4</run_address>
         <size>0x2b8</size>
         <input_file_ref idref="fl-e0"/>
      </object_component>
      <object_component id="oc-f9">
         <name>.text</name>
         <load_address>0x2eac</load_address>
         <run_address>0x2eac</run_address>
         <size>0x1d4</size>
         <input_file_ref idref="fl-d1"/>
      </object_component>
      <object_component id="oc-32">
         <name>.text</name>
         <load_address>0x3080</load_address>
         <run_address>0x3080</run_address>
         <size>0x180</size>
         <input_file_ref idref="fl-c2"/>
      </object_component>
      <object_component id="oc-185">
         <name>.text</name>
         <load_address>0x3200</load_address>
         <run_address>0x3200</run_address>
         <size>0x158</size>
         <input_file_ref idref="fl-e8"/>
      </object_component>
      <object_component id="oc-118">
         <name>.text</name>
         <load_address>0x3358</load_address>
         <run_address>0x3358</run_address>
         <size>0x130</size>
         <input_file_ref idref="fl-e3"/>
      </object_component>
      <object_component id="oc-14a">
         <name>.text</name>
         <load_address>0x3488</load_address>
         <run_address>0x3488</run_address>
         <size>0x11c</size>
         <input_file_ref idref="fl-d7"/>
      </object_component>
      <object_component id="oc-112">
         <name>.text</name>
         <load_address>0x35a4</load_address>
         <run_address>0x35a4</run_address>
         <size>0x118</size>
         <input_file_ref idref="fl-e1"/>
      </object_component>
      <object_component id="oc-f3">
         <name>.text</name>
         <load_address>0x36bc</load_address>
         <run_address>0x36bc</run_address>
         <size>0x10c</size>
         <input_file_ref idref="fl-d0"/>
      </object_component>
      <object_component id="oc-237">
         <name>.text</name>
         <load_address>0x37c8</load_address>
         <run_address>0x37c8</run_address>
         <size>0xfc</size>
         <input_file_ref idref="fl-ec"/>
      </object_component>
      <object_component id="oc-3e">
         <name>.text</name>
         <load_address>0x38c4</load_address>
         <run_address>0x38c4</run_address>
         <size>0xb0</size>
         <input_file_ref idref="fl-c3"/>
      </object_component>
      <object_component id="oc-56">
         <name>.text</name>
         <load_address>0x3974</load_address>
         <run_address>0x3974</run_address>
         <size>0xa8</size>
         <input_file_ref idref="fl-cc"/>
      </object_component>
      <object_component id="oc-17f">
         <name>.text</name>
         <load_address>0x3a1c</load_address>
         <run_address>0x3a1c</run_address>
         <size>0xa8</size>
         <input_file_ref idref="fl-e4"/>
      </object_component>
      <object_component id="oc-c6">
         <name>.text</name>
         <load_address>0x3ac4</load_address>
         <run_address>0x3ac4</run_address>
         <size>0xa4</size>
         <input_file_ref idref="fl-c6"/>
      </object_component>
      <object_component id="oc-246">
         <name>.text</name>
         <load_address>0x3b68</load_address>
         <run_address>0x3b68</run_address>
         <size>0xa4</size>
         <input_file_ref idref="fl-de"/>
      </object_component>
      <object_component id="oc-c">
         <name>.text:decompress:lzss</name>
         <load_address>0x3c0c</load_address>
         <run_address>0x3c0c</run_address>
         <size>0x90</size>
         <input_file_ref idref="fl-be"/>
      </object_component>
      <object_component id="oc-62">
         <name>.text</name>
         <load_address>0x3c9c</load_address>
         <run_address>0x3c9c</run_address>
         <size>0x90</size>
         <input_file_ref idref="fl-c1"/>
      </object_component>
      <object_component id="oc-144">
         <name>.text</name>
         <load_address>0x3d2c</load_address>
         <run_address>0x3d2c</run_address>
         <size>0x8c</size>
         <input_file_ref idref="fl-d6"/>
      </object_component>
      <object_component id="oc-156">
         <name>.text</name>
         <load_address>0x3db8</load_address>
         <run_address>0x3db8</run_address>
         <size>0x84</size>
         <input_file_ref idref="fl-cb"/>
      </object_component>
      <object_component id="oc-88">
         <name>.text</name>
         <load_address>0x3e3c</load_address>
         <run_address>0x3e3c</run_address>
         <size>0x84</size>
         <input_file_ref idref="fl-cd"/>
      </object_component>
      <object_component id="oc-13e">
         <name>.text</name>
         <load_address>0x3ec0</load_address>
         <run_address>0x3ec0</run_address>
         <size>0x80</size>
         <input_file_ref idref="fl-d3"/>
      </object_component>
      <object_component id="oc-1e">
         <name>.text</name>
         <load_address>0x3f40</load_address>
         <run_address>0x3f40</run_address>
         <size>0x70</size>
         <input_file_ref idref="fl-bd"/>
      </object_component>
      <object_component id="oc-1b9">
         <name>.text</name>
         <load_address>0x3fb0</load_address>
         <run_address>0x3fb0</run_address>
         <size>0x54</size>
         <input_file_ref idref="fl-e6"/>
      </object_component>
      <object_component id="oc-139">
         <name>.text</name>
         <load_address>0x4004</load_address>
         <run_address>0x4004</run_address>
         <size>0x50</size>
         <input_file_ref idref="fl-df"/>
      </object_component>
      <object_component id="oc-198">
         <name>.text</name>
         <load_address>0x4054</load_address>
         <run_address>0x4054</run_address>
         <size>0x48</size>
         <input_file_ref idref="fl-dc"/>
      </object_component>
      <object_component id="oc-15c">
         <name>.text</name>
         <load_address>0x409c</load_address>
         <run_address>0x409c</run_address>
         <size>0x2c</size>
         <input_file_ref idref="fl-d4"/>
      </object_component>
      <object_component id="oc-12c">
         <name>.text</name>
         <load_address>0x40c8</load_address>
         <run_address>0x40c8</run_address>
         <size>0x2c</size>
         <input_file_ref idref="fl-d5"/>
      </object_component>
      <object_component id="oc-96">
         <name>.text</name>
         <load_address>0x40f4</load_address>
         <run_address>0x40f4</run_address>
         <size>0x28</size>
         <input_file_ref idref="fl-2"/>
      </object_component>
      <object_component id="oc-150">
         <name>.text</name>
         <load_address>0x411c</load_address>
         <run_address>0x411c</run_address>
         <size>0x28</size>
         <input_file_ref idref="fl-d9"/>
      </object_component>
      <object_component id="oc-192">
         <name>.text</name>
         <load_address>0x4144</load_address>
         <run_address>0x4144</run_address>
         <size>0x28</size>
         <input_file_ref idref="fl-da"/>
      </object_component>
      <object_component id="oc-db">
         <name>.text</name>
         <load_address>0x416c</load_address>
         <run_address>0x416c</run_address>
         <size>0x24</size>
         <input_file_ref idref="fl-c8"/>
      </object_component>
      <object_component id="oc-5c">
         <name>.text</name>
         <load_address>0x4190</load_address>
         <run_address>0x4190</run_address>
         <size>0x20</size>
         <input_file_ref idref="fl-ca"/>
      </object_component>
      <object_component id="oc-1c7">
         <name>.text</name>
         <load_address>0x41b0</load_address>
         <run_address>0x41b0</run_address>
         <size>0x20</size>
         <input_file_ref idref="fl-e7"/>
      </object_component>
      <object_component id="oc-126">
         <name>.text</name>
         <load_address>0x41d0</load_address>
         <run_address>0x41d0</run_address>
         <size>0x20</size>
         <input_file_ref idref="fl-db"/>
      </object_component>
      <object_component id="oc-24c">
         <name>.text</name>
         <load_address>0x41f0</load_address>
         <run_address>0x41f0</run_address>
         <size>0x18</size>
         <input_file_ref idref="fl-e9"/>
      </object_component>
      <object_component id="oc-12">
         <name>.text:decompress:none</name>
         <load_address>0x4208</load_address>
         <run_address>0x4208</run_address>
         <size>0x14</size>
         <input_file_ref idref="fl-bf"/>
      </object_component>
      <object_component id="oc-18">
         <name>.text:decompress:ZI</name>
         <load_address>0x421c</load_address>
         <run_address>0x421c</run_address>
         <size>0x10</size>
         <input_file_ref idref="fl-c0"/>
      </object_component>
      <object_component id="oc-50">
         <name>.text</name>
         <load_address>0x422c</load_address>
         <run_address>0x422c</run_address>
         <size>0x8</size>
         <input_file_ref idref="fl-c5"/>
      </object_component>
      <object_component id="oc-1b2">
         <name>.text</name>
         <load_address>0x4234</load_address>
         <run_address>0x4234</run_address>
         <size>0x4</size>
         <input_file_ref idref="fl-e5"/>
      </object_component>
      <object_component id="oc-4a">
         <name>.text</name>
         <load_address>0x4238</load_address>
         <run_address>0x4238</run_address>
         <size>0x4</size>
         <input_file_ref idref="fl-c4"/>
      </object_component>
      <object_component id="oc-8e">
         <name>.text</name>
         <load_address>0x423c</load_address>
         <run_address>0x423c</run_address>
         <size>0x4</size>
         <input_file_ref idref="fl-d8"/>
      </object_component>
      <object_component id="oc-1d4">
         <name>.const:.string:_ctypes_</name>
         <load_address>0x4240</load_address>
         <run_address>0x4240</run_address>
         <size>0x101</size>
         <input_file_ref idref="fl-ce"/>
      </object_component>
      <object_component id="oc-299">
         <name>.cinit..data.load</name>
         <load_address>0x4b48</load_address>
         <run_address>0x4b48</run_address>
         <size>0x6e</size>
      </object_component>
      <object_component id="oc-296">
         <name>__TI_handler_table</name>
         <load_address>0x4bb8</load_address>
         <run_address>0x4bb8</run_address>
         <size>0xc</size>
      </object_component>
      <object_component id="oc-298">
         <name>.cinit..bss.load</name>
         <load_address>0x4bc8</load_address>
         <run_address>0x4bc8</run_address>
         <size>0x8</size>
      </object_component>
      <object_component id="oc-297">
         <name>__TI_cinit_table</name>
         <load_address>0x4bd0</load_address>
         <run_address>0x4bd0</run_address>
         <size>0x10</size>
      </object_component>
      <object_component id="oc-252">
         <name>.bss:parmbuf</name>
         <uninitialized>true</uninitialized>
         <run_address>0x80020bc</run_address>
         <size>0x8</size>
         <input_file_ref idref="fl-dd"/>
      </object_component>
      <object_component id="oc-265">
         <name>.bss:_CIOBUF_</name>
         <uninitialized>true</uninitialized>
         <run_address>0x8001efc</run_address>
         <size>0x120</size>
         <input_file_ref idref="fl-de"/>
      </object_component>
      <object_component id="oc-260">
         <name>.common:__TI_tmpnams</name>
         <uninitialized>true</uninitialized>
         <run_address>0x800201c</run_address>
         <size>0xa0</size>
      </object_component>
      <object_component id="oc-9e">
         <name>.data:$O1$$</name>
         <load_address>0x8001ed0</load_address>
         <run_address>0x8001ed0</run_address>
         <size>0xc</size>
         <input_file_ref idref="fl-c1"/>
      </object_component>
      <object_component id="oc-68">
         <name>.data</name>
         <load_address>0x8001ef8</load_address>
         <run_address>0x8001ef8</run_address>
         <size>0x4</size>
         <input_file_ref idref="fl-c7"/>
      </object_component>
      <object_component id="oc-a1">
         <name>.data:$O1$$</name>
         <load_address>0x8001ee8</load_address>
         <run_address>0x8001ee8</run_address>
         <size>0x8</size>
         <input_file_ref idref="fl-c8"/>
      </object_component>
      <object_component id="oc-105">
         <name>.data:_ftable</name>
         <load_address>0x8001d00</load_address>
         <run_address>0x8001d00</run_address>
         <size>0xf0</size>
         <input_file_ref idref="fl-cf"/>
      </object_component>
      <object_component id="oc-18d">
         <name>.data</name>
         <load_address>0x8001ec0</load_address>
         <run_address>0x8001ec0</run_address>
         <size>0x10</size>
         <input_file_ref idref="fl-cf"/>
      </object_component>
      <object_component id="oc-19e">
         <name>.data:$O1$$</name>
         <load_address>0x8001df0</load_address>
         <run_address>0x8001df0</run_address>
         <size>0xd0</size>
         <input_file_ref idref="fl-d2"/>
      </object_component>
      <object_component id="oc-1cd">
         <name>.data</name>
         <load_address>0x8001ef0</load_address>
         <run_address>0x8001ef0</run_address>
         <size>0x4</size>
         <input_file_ref idref="fl-e2"/>
      </object_component>
      <object_component id="oc-23d">
         <name>.data</name>
         <load_address>0x8001ef4</load_address>
         <run_address>0x8001ef4</run_address>
         <size>0x4</size>
         <input_file_ref idref="fl-ea"/>
      </object_component>
      <object_component id="oc-233">
         <name>.data:$O1$$</name>
         <load_address>0x8001edc</load_address>
         <run_address>0x8001edc</run_address>
         <size>0xc</size>
         <input_file_ref idref="fl-eb"/>
      </object_component>
      <object_component id="oc-24">
         <name>.sysmem</name>
         <uninitialized>true</uninitialized>
         <run_address>0x8001500</run_address>
         <size>0x8</size>
         <input_file_ref idref="fl-eb"/>
      </object_component>
      <object_component id="oc-29b">
         <name>.sysmem</name>
         <uninitialized>true</uninitialized>
         <run_address>0x8001500</run_address>
         <size>0x0</size>
      </object_component>
      <object_component id="oc-17e">
         <name>.debug_info</name>
         <load_address>0x0</load_address>
         <run_address>0x0</run_address>
         <size>0x175</size>
         <input_file_ref idref="fl-2"/>
      </object_component>
      <object_component id="oc-97">
         <name>.debug_info</name>
         <load_address>0x175</load_address>
         <run_address>0x175</run_address>
         <size>0x101</size>
         <input_file_ref idref="fl-2"/>
      </object_component>
      <object_component id="oc-1e6">
         <name>.debug_info</name>
         <load_address>0x276</load_address>
         <run_address>0x276</run_address>
         <size>0xd16</size>
         <input_file_ref idref="fl-2"/>
      </object_component>
      <object_component id="oc-2d">
         <name>.debug_info</name>
         <load_address>0xf8c</load_address>
         <run_address>0xf8c</run_address>
         <size>0x84</size>
         <input_file_ref idref="fl-2"/>
      </object_component>
      <object_component id="oc-cd">
         <name>.debug_info</name>
         <load_address>0x1010</load_address>
         <run_address>0x1010</run_address>
         <size>0x18b</size>
         <input_file_ref idref="fl-2"/>
      </object_component>
      <object_component id="oc-10a">
         <name>.debug_info</name>
         <load_address>0x119b</load_address>
         <run_address>0x119b</run_address>
         <size>0x4e</size>
         <input_file_ref idref="fl-2"/>
      </object_component>
      <object_component id="oc-21">
         <name>.debug_info</name>
         <load_address>0x11e9</load_address>
         <run_address>0x11e9</run_address>
         <size>0x131</size>
         <input_file_ref idref="fl-bd"/>
      </object_component>
      <object_component id="oc-75">
         <name>.debug_info</name>
         <load_address>0x131a</load_address>
         <run_address>0x131a</run_address>
         <size>0xca</size>
         <input_file_ref idref="fl-be"/>
      </object_component>
      <object_component id="oc-f">
         <name>.debug_info</name>
         <load_address>0x13e4</load_address>
         <run_address>0x13e4</run_address>
         <size>0x216</size>
         <input_file_ref idref="fl-be"/>
      </object_component>
      <object_component id="oc-28">
         <name>.debug_info</name>
         <load_address>0x15fa</load_address>
         <run_address>0x15fa</run_address>
         <size>0x60</size>
         <input_file_ref idref="fl-be"/>
      </object_component>
      <object_component id="oc-70">
         <name>.debug_info</name>
         <load_address>0x165a</load_address>
         <run_address>0x165a</run_address>
         <size>0x46</size>
         <input_file_ref idref="fl-be"/>
      </object_component>
      <object_component id="oc-3d">
         <name>.debug_info</name>
         <load_address>0x16a0</load_address>
         <run_address>0x16a0</run_address>
         <size>0x10c</size>
         <input_file_ref idref="fl-bf"/>
      </object_component>
      <object_component id="oc-13">
         <name>.debug_info</name>
         <load_address>0x17ac</load_address>
         <run_address>0x17ac</run_address>
         <size>0x19b</size>
         <input_file_ref idref="fl-bf"/>
      </object_component>
      <object_component id="oc-38">
         <name>.debug_info</name>
         <load_address>0x1947</load_address>
         <run_address>0x1947</run_address>
         <size>0x46</size>
         <input_file_ref idref="fl-bf"/>
      </object_component>
      <object_component id="oc-77">
         <name>.debug_info</name>
         <load_address>0x198d</load_address>
         <run_address>0x198d</run_address>
         <size>0x2c</size>
         <input_file_ref idref="fl-bf"/>
      </object_component>
      <object_component id="oc-49">
         <name>.debug_info</name>
         <load_address>0x19b9</load_address>
         <run_address>0x19b9</run_address>
         <size>0xfb</size>
         <input_file_ref idref="fl-c0"/>
      </object_component>
      <object_component id="oc-19">
         <name>.debug_info</name>
         <load_address>0x1ab4</load_address>
         <run_address>0x1ab4</run_address>
         <size>0x166</size>
         <input_file_ref idref="fl-c0"/>
      </object_component>
      <object_component id="oc-44">
         <name>.debug_info</name>
         <load_address>0x1c1a</load_address>
         <run_address>0x1c1a</run_address>
         <size>0x46</size>
         <input_file_ref idref="fl-c0"/>
      </object_component>
      <object_component id="oc-7f">
         <name>.debug_info</name>
         <load_address>0x1c60</load_address>
         <run_address>0x1c60</run_address>
         <size>0x2c</size>
         <input_file_ref idref="fl-c0"/>
      </object_component>
      <object_component id="oc-a5">
         <name>.debug_info</name>
         <load_address>0x1c8c</load_address>
         <run_address>0x1c8c</run_address>
         <size>0x205</size>
         <input_file_ref idref="fl-c1"/>
      </object_component>
      <object_component id="oc-9f">
         <name>.debug_info</name>
         <load_address>0x1e91</load_address>
         <run_address>0x1e91</run_address>
         <size>0x156</size>
         <input_file_ref idref="fl-c1"/>
      </object_component>
      <object_component id="oc-64">
         <name>.debug_info</name>
         <load_address>0x1fe7</load_address>
         <run_address>0x1fe7</run_address>
         <size>0x1e5</size>
         <input_file_ref idref="fl-c1"/>
      </object_component>
      <object_component id="oc-35">
         <name>.debug_info</name>
         <load_address>0x21cc</load_address>
         <run_address>0x21cc</run_address>
         <size>0x14d</size>
         <input_file_ref idref="fl-c2"/>
      </object_component>
      <object_component id="oc-40">
         <name>.debug_info</name>
         <load_address>0x2319</load_address>
         <run_address>0x2319</run_address>
         <size>0x115</size>
         <input_file_ref idref="fl-c3"/>
      </object_component>
      <object_component id="oc-4c">
         <name>.debug_info</name>
         <load_address>0x242e</load_address>
         <run_address>0x242e</run_address>
         <size>0x109</size>
         <input_file_ref idref="fl-c4"/>
      </object_component>
      <object_component id="oc-51">
         <name>.debug_info</name>
         <load_address>0x2537</load_address>
         <run_address>0x2537</run_address>
         <size>0x119</size>
         <input_file_ref idref="fl-c5"/>
      </object_component>
      <object_component id="oc-109">
         <name>.debug_info</name>
         <load_address>0x2650</load_address>
         <run_address>0x2650</run_address>
         <size>0x1fd</size>
         <input_file_ref idref="fl-c6"/>
      </object_component>
      <object_component id="oc-c7">
         <name>.debug_info</name>
         <load_address>0x284d</load_address>
         <run_address>0x284d</run_address>
         <size>0x255</size>
         <input_file_ref idref="fl-c6"/>
      </object_component>
      <object_component id="oc-179">
         <name>.debug_info</name>
         <load_address>0x2aa2</load_address>
         <run_address>0x2aa2</run_address>
         <size>0xae</size>
         <input_file_ref idref="fl-c6"/>
      </object_component>
      <object_component id="oc-69">
         <name>.debug_info</name>
         <load_address>0x2b50</load_address>
         <run_address>0x2b50</run_address>
         <size>0xda</size>
         <input_file_ref idref="fl-c7"/>
      </object_component>
      <object_component id="oc-e3">
         <name>.debug_info</name>
         <load_address>0x2c2a</load_address>
         <run_address>0x2c2a</run_address>
         <size>0xf5</size>
         <input_file_ref idref="fl-c8"/>
      </object_component>
      <object_component id="oc-a2">
         <name>.debug_info</name>
         <load_address>0x2d1f</load_address>
         <run_address>0x2d1f</run_address>
         <size>0xe4</size>
         <input_file_ref idref="fl-c8"/>
      </object_component>
      <object_component id="oc-dc">
         <name>.debug_info</name>
         <load_address>0x2e03</load_address>
         <run_address>0x2e03</run_address>
         <size>0x1f0</size>
         <input_file_ref idref="fl-c8"/>
      </object_component>
      <object_component id="oc-163">
         <name>.debug_info</name>
         <load_address>0x2ff3</load_address>
         <run_address>0x2ff3</run_address>
         <size>0x389</size>
         <input_file_ref idref="fl-c9"/>
      </object_component>
      <object_component id="oc-100">
         <name>.debug_info</name>
         <load_address>0x337c</load_address>
         <run_address>0x337c</run_address>
         <size>0x10f6</size>
         <input_file_ref idref="fl-c9"/>
      </object_component>
      <object_component id="oc-164">
         <name>.debug_info</name>
         <load_address>0x4472</load_address>
         <run_address>0x4472</run_address>
         <size>0x86</size>
         <input_file_ref idref="fl-c9"/>
      </object_component>
      <object_component id="oc-16e">
         <name>.debug_info</name>
         <load_address>0x44f8</load_address>
         <run_address>0x44f8</run_address>
         <size>0x2c</size>
         <input_file_ref idref="fl-c9"/>
      </object_component>
      <object_component id="oc-1dd">
         <name>.debug_info</name>
         <load_address>0x4524</load_address>
         <run_address>0x4524</run_address>
         <size>0x46</size>
         <input_file_ref idref="fl-c9"/>
      </object_component>
      <object_component id="oc-169">
         <name>.debug_info</name>
         <load_address>0x456a</load_address>
         <run_address>0x456a</run_address>
         <size>0x39</size>
         <input_file_ref idref="fl-c9"/>
      </object_component>
      <object_component id="oc-9d">
         <name>.debug_info</name>
         <load_address>0x45a3</load_address>
         <run_address>0x45a3</run_address>
         <size>0x137</size>
         <input_file_ref idref="fl-ca"/>
      </object_component>
      <object_component id="oc-5d">
         <name>.debug_info</name>
         <load_address>0x46da</load_address>
         <run_address>0x46da</run_address>
         <size>0x138</size>
         <input_file_ref idref="fl-ca"/>
      </object_component>
      <object_component id="oc-d4">
         <name>.debug_info</name>
         <load_address>0x4812</load_address>
         <run_address>0x4812</run_address>
         <size>0x5e</size>
         <input_file_ref idref="fl-ca"/>
      </object_component>
      <object_component id="oc-1d8">
         <name>.debug_info</name>
         <load_address>0x4870</load_address>
         <run_address>0x4870</run_address>
         <size>0xe5</size>
         <input_file_ref idref="fl-cb"/>
      </object_component>
      <object_component id="oc-158">
         <name>.debug_info</name>
         <load_address>0x4955</load_address>
         <run_address>0x4955</run_address>
         <size>0x142</size>
         <input_file_ref idref="fl-cb"/>
      </object_component>
      <object_component id="oc-95">
         <name>.debug_info</name>
         <load_address>0x4a97</load_address>
         <run_address>0x4a97</run_address>
         <size>0x2ba</size>
         <input_file_ref idref="fl-cc"/>
      </object_component>
      <object_component id="oc-59">
         <name>.debug_info</name>
         <load_address>0x4d51</load_address>
         <run_address>0x4d51</run_address>
         <size>0x161</size>
         <input_file_ref idref="fl-cc"/>
      </object_component>
      <object_component id="oc-bc">
         <name>.debug_info</name>
         <load_address>0x4eb2</load_address>
         <run_address>0x4eb2</run_address>
         <size>0x39</size>
         <input_file_ref idref="fl-cc"/>
      </object_component>
      <object_component id="oc-ee">
         <name>.debug_info</name>
         <load_address>0x4eeb</load_address>
         <run_address>0x4eeb</run_address>
         <size>0x39</size>
         <input_file_ref idref="fl-cc"/>
      </object_component>
      <object_component id="oc-c1">
         <name>.debug_info</name>
         <load_address>0x4f24</load_address>
         <run_address>0x4f24</run_address>
         <size>0xcd</size>
         <input_file_ref idref="fl-cc"/>
      </object_component>
      <object_component id="oc-b8">
         <name>.debug_info</name>
         <load_address>0x4ff1</load_address>
         <run_address>0x4ff1</run_address>
         <size>0x1b1</size>
         <input_file_ref idref="fl-cd"/>
      </object_component>
      <object_component id="oc-8b">
         <name>.debug_info</name>
         <load_address>0x51a2</load_address>
         <run_address>0x51a2</run_address>
         <size>0x154</size>
         <input_file_ref idref="fl-cd"/>
      </object_component>
      <object_component id="oc-e9">
         <name>.debug_info</name>
         <load_address>0x52f6</load_address>
         <run_address>0x52f6</run_address>
         <size>0x2c</size>
         <input_file_ref idref="fl-cd"/>
      </object_component>
      <object_component id="oc-22c">
         <name>.debug_info</name>
         <load_address>0x5322</load_address>
         <run_address>0x5322</run_address>
         <size>0xbf</size>
         <input_file_ref idref="fl-ce"/>
      </object_component>
      <object_component id="oc-1d5">
         <name>.debug_info</name>
         <load_address>0x53e1</load_address>
         <run_address>0x53e1</run_address>
         <size>0xcb</size>
         <input_file_ref idref="fl-ce"/>
      </object_component>
      <object_component id="oc-175">
         <name>.debug_info</name>
         <load_address>0x54ac</load_address>
         <run_address>0x54ac</run_address>
         <size>0x10a</size>
         <input_file_ref idref="fl-cf"/>
      </object_component>
      <object_component id="oc-106">
         <name>.debug_info</name>
         <load_address>0x55b6</load_address>
         <run_address>0x55b6</run_address>
         <size>0xc8</size>
         <input_file_ref idref="fl-cf"/>
      </object_component>
      <object_component id="oc-18e">
         <name>.debug_info</name>
         <load_address>0x567e</load_address>
         <run_address>0x567e</run_address>
         <size>0x155</size>
         <input_file_ref idref="fl-cf"/>
      </object_component>
      <object_component id="oc-125">
         <name>.debug_info</name>
         <load_address>0x57d3</load_address>
         <run_address>0x57d3</run_address>
         <size>0x1af</size>
         <input_file_ref idref="fl-d0"/>
      </object_component>
      <object_component id="oc-f4">
         <name>.debug_info</name>
         <load_address>0x5982</load_address>
         <run_address>0x5982</run_address>
         <size>0x217</size>
         <input_file_ref idref="fl-d0"/>
      </object_component>
      <object_component id="oc-133">
         <name>.debug_info</name>
         <load_address>0x5b99</load_address>
         <run_address>0x5b99</run_address>
         <size>0x273</size>
         <input_file_ref idref="fl-d1"/>
      </object_component>
      <object_component id="oc-fa">
         <name>.debug_info</name>
         <load_address>0x5e0c</load_address>
         <run_address>0x5e0c</run_address>
         <size>0x323</size>
         <input_file_ref idref="fl-d1"/>
      </object_component>
      <object_component id="oc-1a2">
         <name>.debug_info</name>
         <load_address>0x612f</load_address>
         <run_address>0x612f</run_address>
         <size>0x471</size>
         <input_file_ref idref="fl-d2"/>
      </object_component>
      <object_component id="oc-19f">
         <name>.debug_info</name>
         <load_address>0x65a0</load_address>
         <run_address>0x65a0</run_address>
         <size>0xe7</size>
         <input_file_ref idref="fl-d2"/>
      </object_component>
      <object_component id="oc-11f">
         <name>.debug_info</name>
         <load_address>0x6687</load_address>
         <run_address>0x6687</run_address>
         <size>0xadc</size>
         <input_file_ref idref="fl-d2"/>
      </object_component>
      <object_component id="oc-214">
         <name>.debug_info</name>
         <load_address>0x7163</load_address>
         <run_address>0x7163</run_address>
         <size>0x120</size>
         <input_file_ref idref="fl-d2"/>
      </object_component>
      <object_component id="oc-1a4">
         <name>.debug_info</name>
         <load_address>0x7283</load_address>
         <run_address>0x7283</run_address>
         <size>0x2c</size>
         <input_file_ref idref="fl-d2"/>
      </object_component>
      <object_component id="oc-1bf">
         <name>.debug_info</name>
         <load_address>0x72af</load_address>
         <run_address>0x72af</run_address>
         <size>0x11d</size>
         <input_file_ref idref="fl-d3"/>
      </object_component>
      <object_component id="oc-13f">
         <name>.debug_info</name>
         <load_address>0x73cc</load_address>
         <run_address>0x73cc</run_address>
         <size>0x1ab</size>
         <input_file_ref idref="fl-d3"/>
      </object_component>
      <object_component id="oc-1da">
         <name>.debug_info</name>
         <load_address>0x7577</load_address>
         <run_address>0x7577</run_address>
         <size>0xc2</size>
         <input_file_ref idref="fl-d4"/>
      </object_component>
      <object_component id="oc-15d">
         <name>.debug_info</name>
         <load_address>0x7639</load_address>
         <run_address>0x7639</run_address>
         <size>0x17c</size>
         <input_file_ref idref="fl-d4"/>
      </object_component>
      <object_component id="oc-1ae">
         <name>.debug_info</name>
         <load_address>0x77b5</load_address>
         <run_address>0x77b5</run_address>
         <size>0xd1</size>
         <input_file_ref idref="fl-d5"/>
      </object_component>
      <object_component id="oc-12e">
         <name>.debug_info</name>
         <load_address>0x7886</load_address>
         <run_address>0x7886</run_address>
         <size>0x1b7</size>
         <input_file_ref idref="fl-d5"/>
      </object_component>
      <object_component id="oc-1c1">
         <name>.debug_info</name>
         <load_address>0x7a3d</load_address>
         <run_address>0x7a3d</run_address>
         <size>0x110</size>
         <input_file_ref idref="fl-d6"/>
      </object_component>
      <object_component id="oc-145">
         <name>.debug_info</name>
         <load_address>0x7b4d</load_address>
         <run_address>0x7b4d</run_address>
         <size>0x154</size>
         <input_file_ref idref="fl-d6"/>
      </object_component>
      <object_component id="oc-1c2">
         <name>.debug_info</name>
         <load_address>0x7ca1</load_address>
         <run_address>0x7ca1</run_address>
         <size>0x2c</size>
         <input_file_ref idref="fl-d6"/>
      </object_component>
      <object_component id="oc-1d1">
         <name>.debug_info</name>
         <load_address>0x7ccd</load_address>
         <run_address>0x7ccd</run_address>
         <size>0x14d</size>
         <input_file_ref idref="fl-d7"/>
      </object_component>
      <object_component id="oc-14c">
         <name>.debug_info</name>
         <load_address>0x7e1a</load_address>
         <run_address>0x7e1a</run_address>
         <size>0x175</size>
         <input_file_ref idref="fl-d7"/>
      </object_component>
      <object_component id="oc-91">
         <name>.debug_info</name>
         <load_address>0x7f8f</load_address>
         <run_address>0x7f8f</run_address>
         <size>0x116</size>
         <input_file_ref idref="fl-d8"/>
      </object_component>
      <object_component id="oc-1d3">
         <name>.debug_info</name>
         <load_address>0x80a5</load_address>
         <run_address>0x80a5</run_address>
         <size>0xc6</size>
         <input_file_ref idref="fl-d9"/>
      </object_component>
      <object_component id="oc-153">
         <name>.debug_info</name>
         <load_address>0x816b</load_address>
         <run_address>0x816b</run_address>
         <size>0x1b9</size>
         <input_file_ref idref="fl-d9"/>
      </object_component>
      <object_component id="oc-207">
         <name>.debug_info</name>
         <load_address>0x8324</load_address>
         <run_address>0x8324</run_address>
         <size>0xb6</size>
         <input_file_ref idref="fl-da"/>
      </object_component>
      <object_component id="oc-196">
         <name>.debug_info</name>
         <load_address>0x83da</load_address>
         <run_address>0x83da</run_address>
         <size>0x1cd</size>
         <input_file_ref idref="fl-da"/>
      </object_component>
      <object_component id="oc-1ac">
         <name>.debug_info</name>
         <load_address>0x85a7</load_address>
         <run_address>0x85a7</run_address>
         <size>0xbb</size>
         <input_file_ref idref="fl-db"/>
      </object_component>
      <object_component id="oc-127">
         <name>.debug_info</name>
         <load_address>0x8662</load_address>
         <run_address>0x8662</run_address>
         <size>0x19f</size>
         <input_file_ref idref="fl-db"/>
      </object_component>
      <object_component id="oc-209">
         <name>.debug_info</name>
         <load_address>0x8801</load_address>
         <run_address>0x8801</run_address>
         <size>0xc7</size>
         <input_file_ref idref="fl-dc"/>
      </object_component>
      <object_component id="oc-199">
         <name>.debug_info</name>
         <load_address>0x88c8</load_address>
         <run_address>0x88c8</run_address>
         <size>0x1ce</size>
         <input_file_ref idref="fl-dc"/>
      </object_component>
      <object_component id="oc-256">
         <name>.debug_info</name>
         <load_address>0x8a96</load_address>
         <run_address>0x8a96</run_address>
         <size>0x220</size>
         <input_file_ref idref="fl-dd"/>
      </object_component>
      <object_component id="oc-253">
         <name>.debug_info</name>
         <load_address>0x8cb6</load_address>
         <run_address>0x8cb6</run_address>
         <size>0xc9</size>
         <input_file_ref idref="fl-dd"/>
      </object_component>
      <object_component id="oc-20b">
         <name>.debug_info</name>
         <load_address>0x8d7f</load_address>
         <run_address>0x8d7f</run_address>
         <size>0xa21</size>
         <input_file_ref idref="fl-dd"/>
      </object_component>
      <object_component id="oc-257">
         <name>.debug_info</name>
         <load_address>0x97a0</load_address>
         <run_address>0x97a0</run_address>
         <size>0x53</size>
         <input_file_ref idref="fl-dd"/>
      </object_component>
      <object_component id="oc-269">
         <name>.debug_info</name>
         <load_address>0x97f3</load_address>
         <run_address>0x97f3</run_address>
         <size>0xe7</size>
         <input_file_ref idref="fl-de"/>
      </object_component>
      <object_component id="oc-266">
         <name>.debug_info</name>
         <load_address>0x98da</load_address>
         <run_address>0x98da</run_address>
         <size>0xce</size>
         <input_file_ref idref="fl-de"/>
      </object_component>
      <object_component id="oc-248">
         <name>.debug_info</name>
         <load_address>0x99a8</load_address>
         <run_address>0x99a8</run_address>
         <size>0x252</size>
         <input_file_ref idref="fl-de"/>
      </object_component>
      <object_component id="oc-13a">
         <name>.debug_info</name>
         <load_address>0x9bfa</load_address>
         <run_address>0x9bfa</run_address>
         <size>0x11a</size>
         <input_file_ref idref="fl-df"/>
      </object_component>
      <object_component id="oc-137">
         <name>.debug_info</name>
         <load_address>0x9d14</load_address>
         <run_address>0x9d14</run_address>
         <size>0x153</size>
         <input_file_ref idref="fl-e0"/>
      </object_component>
      <object_component id="oc-18c">
         <name>.debug_info</name>
         <load_address>0x9e67</load_address>
         <run_address>0x9e67</run_address>
         <size>0x122</size>
         <input_file_ref idref="fl-e1"/>
      </object_component>
      <object_component id="oc-116">
         <name>.debug_info</name>
         <load_address>0x9f89</load_address>
         <run_address>0x9f89</run_address>
         <size>0x201</size>
         <input_file_ref idref="fl-e1"/>
      </object_component>
      <object_component id="oc-1fb">
         <name>.debug_info</name>
         <load_address>0xa18a</load_address>
         <run_address>0xa18a</run_address>
         <size>0xbb</size>
         <input_file_ref idref="fl-e1"/>
      </object_component>
      <object_component id="oc-1ce">
         <name>.debug_info</name>
         <load_address>0xa245</load_address>
         <run_address>0xa245</run_address>
         <size>0xc4</size>
         <input_file_ref idref="fl-e2"/>
      </object_component>
      <object_component id="oc-191">
         <name>.debug_info</name>
         <load_address>0xa309</load_address>
         <run_address>0xa309</run_address>
         <size>0x173</size>
         <input_file_ref idref="fl-e3"/>
      </object_component>
      <object_component id="oc-119">
         <name>.debug_info</name>
         <load_address>0xa47c</load_address>
         <run_address>0xa47c</run_address>
         <size>0x22b</size>
         <input_file_ref idref="fl-e3"/>
      </object_component>
      <object_component id="oc-1ec">
         <name>.debug_info</name>
         <load_address>0xa6a7</load_address>
         <run_address>0xa6a7</run_address>
         <size>0x150</size>
         <input_file_ref idref="fl-e4"/>
      </object_component>
      <object_component id="oc-180">
         <name>.debug_info</name>
         <load_address>0xa7f7</load_address>
         <run_address>0xa7f7</run_address>
         <size>0x1b2</size>
         <input_file_ref idref="fl-e4"/>
      </object_component>
      <object_component id="oc-1b3">
         <name>.debug_info</name>
         <load_address>0xa9a9</load_address>
         <run_address>0xa9a9</run_address>
         <size>0x118</size>
         <input_file_ref idref="fl-e5"/>
      </object_component>
      <object_component id="oc-1ba">
         <name>.debug_info</name>
         <load_address>0xaac1</load_address>
         <run_address>0xaac1</run_address>
         <size>0x118</size>
         <input_file_ref idref="fl-e6"/>
      </object_component>
      <object_component id="oc-1cb">
         <name>.debug_info</name>
         <load_address>0xabd9</load_address>
         <run_address>0xabd9</run_address>
         <size>0x127</size>
         <input_file_ref idref="fl-e7"/>
      </object_component>
      <object_component id="oc-1fa">
         <name>.debug_info</name>
         <load_address>0xad00</load_address>
         <run_address>0xad00</run_address>
         <size>0x191</size>
         <input_file_ref idref="fl-e8"/>
      </object_component>
      <object_component id="oc-186">
         <name>.debug_info</name>
         <load_address>0xae91</load_address>
         <run_address>0xae91</run_address>
         <size>0x1d1</size>
         <input_file_ref idref="fl-e8"/>
      </object_component>
      <object_component id="oc-26b">
         <name>.debug_info</name>
         <load_address>0xb062</load_address>
         <run_address>0xb062</run_address>
         <size>0xc1</size>
         <input_file_ref idref="fl-e9"/>
      </object_component>
      <object_component id="oc-24d">
         <name>.debug_info</name>
         <load_address>0xb123</load_address>
         <run_address>0xb123</run_address>
         <size>0x1a6</size>
         <input_file_ref idref="fl-e9"/>
      </object_component>
      <object_component id="oc-23f">
         <name>.debug_info</name>
         <load_address>0xb2c9</load_address>
         <run_address>0xb2c9</run_address>
         <size>0x20d</size>
         <input_file_ref idref="fl-ea"/>
      </object_component>
      <object_component id="oc-1f6">
         <name>.debug_info</name>
         <load_address>0xb4d6</load_address>
         <run_address>0xb4d6</run_address>
         <size>0x411</size>
         <input_file_ref idref="fl-ea"/>
      </object_component>
      <object_component id="oc-ab">
         <name>.debug_info</name>
         <load_address>0xb8e7</load_address>
         <run_address>0xb8e7</run_address>
         <size>0x2c</size>
         <input_file_ref idref="fl-ea"/>
      </object_component>
      <object_component id="oc-6e">
         <name>.debug_info</name>
         <load_address>0xb913</load_address>
         <run_address>0xb913</run_address>
         <size>0x1f3</size>
         <input_file_ref idref="fl-eb"/>
      </object_component>
      <object_component id="oc-25">
         <name>.debug_info</name>
         <load_address>0xbb06</load_address>
         <run_address>0xbb06</run_address>
         <size>0xd2</size>
         <input_file_ref idref="fl-eb"/>
      </object_component>
      <object_component id="oc-234">
         <name>.debug_info</name>
         <load_address>0xbbd8</load_address>
         <run_address>0xbbd8</run_address>
         <size>0x11d</size>
         <input_file_ref idref="fl-eb"/>
      </object_component>
      <object_component id="oc-1ee">
         <name>.debug_info</name>
         <load_address>0xbcf5</load_address>
         <run_address>0xbcf5</run_address>
         <size>0x84b</size>
         <input_file_ref idref="fl-eb"/>
      </object_component>
      <object_component id="oc-b0">
         <name>.debug_info</name>
         <load_address>0xc540</load_address>
         <run_address>0xc540</run_address>
         <size>0x62</size>
         <input_file_ref idref="fl-eb"/>
      </object_component>
      <object_component id="oc-262">
         <name>.debug_info</name>
         <load_address>0xc5a2</load_address>
         <run_address>0xc5a2</run_address>
         <size>0x1d1</size>
         <input_file_ref idref="fl-ec"/>
      </object_component>
      <object_component id="oc-239">
         <name>.debug_info</name>
         <load_address>0xc773</load_address>
         <run_address>0xc773</run_address>
         <size>0x269</size>
         <input_file_ref idref="fl-ec"/>
      </object_component>
      <object_component id="oc-29c">
         <name>.debug_info</name>
         <load_address>0xc9dc</load_address>
         <run_address>0xc9dc</run_address>
         <size>0x94</size>
      </object_component>
      <object_component id="oc-1e5">
         <name>.debug_line</name>
         <load_address>0x0</load_address>
         <run_address>0x0</run_address>
         <size>0x65</size>
         <input_file_ref idref="fl-2"/>
      </object_component>
      <object_component id="oc-9a">
         <name>.debug_line</name>
         <load_address>0x65</load_address>
         <run_address>0x65</run_address>
         <size>0x48</size>
         <input_file_ref idref="fl-2"/>
      </object_component>
      <object_component id="oc-1e9">
         <name>.debug_line</name>
         <load_address>0xad</load_address>
         <run_address>0xad</run_address>
         <size>0x55</size>
         <input_file_ref idref="fl-2"/>
      </object_component>
      <object_component id="oc-30">
         <name>.debug_line</name>
         <load_address>0x102</load_address>
         <run_address>0x102</run_address>
         <size>0x20</size>
         <input_file_ref idref="fl-2"/>
      </object_component>
      <object_component id="oc-d0">
         <name>.debug_line</name>
         <load_address>0x122</load_address>
         <run_address>0x122</run_address>
         <size>0x66</size>
         <input_file_ref idref="fl-2"/>
      </object_component>
      <object_component id="oc-10d">
         <name>.debug_line</name>
         <load_address>0x188</load_address>
         <run_address>0x188</run_address>
         <size>0x66</size>
         <input_file_ref idref="fl-2"/>
      </object_component>
      <object_component id="oc-20">
         <name>.debug_line</name>
         <load_address>0x1ee</load_address>
         <run_address>0x1ee</run_address>
         <size>0x52</size>
         <input_file_ref idref="fl-bd"/>
      </object_component>
      <object_component id="oc-b6">
         <name>.debug_line</name>
         <load_address>0x240</load_address>
         <run_address>0x240</run_address>
         <size>0x20</size>
         <input_file_ref idref="fl-be"/>
      </object_component>
      <object_component id="oc-d">
         <name>.debug_line</name>
         <load_address>0x260</load_address>
         <run_address>0x260</run_address>
         <size>0xb2</size>
         <input_file_ref idref="fl-be"/>
      </object_component>
      <object_component id="oc-2b">
         <name>.debug_line</name>
         <load_address>0x312</load_address>
         <run_address>0x312</run_address>
         <size>0x3a</size>
         <input_file_ref idref="fl-be"/>
      </object_component>
      <object_component id="oc-73">
         <name>.debug_line</name>
         <load_address>0x34c</load_address>
         <run_address>0x34c</run_address>
         <size>0x5c</size>
         <input_file_ref idref="fl-be"/>
      </object_component>
      <object_component id="oc-7d">
         <name>.debug_line</name>
         <load_address>0x3a8</load_address>
         <run_address>0x3a8</run_address>
         <size>0x5c</size>
         <input_file_ref idref="fl-bf"/>
      </object_component>
      <object_component id="oc-17">
         <name>.debug_line</name>
         <load_address>0x404</load_address>
         <run_address>0x404</run_address>
         <size>0x55</size>
         <input_file_ref idref="fl-bf"/>
      </object_component>
      <object_component id="oc-3b">
         <name>.debug_line</name>
         <load_address>0x459</load_address>
         <run_address>0x459</run_address>
         <size>0x3a</size>
         <input_file_ref idref="fl-bf"/>
      </object_component>
      <object_component id="oc-7a">
         <name>.debug_line</name>
         <load_address>0x493</load_address>
         <run_address>0x493</run_address>
         <size>0x5c</size>
         <input_file_ref idref="fl-bf"/>
      </object_component>
      <object_component id="oc-85">
         <name>.debug_line</name>
         <load_address>0x4ef</load_address>
         <run_address>0x4ef</run_address>
         <size>0x5c</size>
         <input_file_ref idref="fl-c0"/>
      </object_component>
      <object_component id="oc-1c">
         <name>.debug_line</name>
         <load_address>0x54b</load_address>
         <run_address>0x54b</run_address>
         <size>0x4f</size>
         <input_file_ref idref="fl-c0"/>
      </object_component>
      <object_component id="oc-47">
         <name>.debug_line</name>
         <load_address>0x59a</load_address>
         <run_address>0x59a</run_address>
         <size>0x34</size>
         <input_file_ref idref="fl-c0"/>
      </object_component>
      <object_component id="oc-82">
         <name>.debug_line</name>
         <load_address>0x5ce</load_address>
         <run_address>0x5ce</run_address>
         <size>0x5c</size>
         <input_file_ref idref="fl-c0"/>
      </object_component>
      <object_component id="oc-e6">
         <name>.debug_line</name>
         <load_address>0x62a</load_address>
         <run_address>0x62a</run_address>
         <size>0x96</size>
         <input_file_ref idref="fl-c1"/>
      </object_component>
      <object_component id="oc-da">
         <name>.debug_line</name>
         <load_address>0x6c0</load_address>
         <run_address>0x6c0</run_address>
         <size>0x2a</size>
         <input_file_ref idref="fl-c1"/>
      </object_component>
      <object_component id="oc-67">
         <name>.debug_line</name>
         <load_address>0x6ea</load_address>
         <run_address>0x6ea</run_address>
         <size>0x86</size>
         <input_file_ref idref="fl-c1"/>
      </object_component>
      <object_component id="oc-34">
         <name>.debug_line</name>
         <load_address>0x770</load_address>
         <run_address>0x770</run_address>
         <size>0x9a</size>
         <input_file_ref idref="fl-c2"/>
      </object_component>
      <object_component id="oc-42">
         <name>.debug_line</name>
         <load_address>0x80a</load_address>
         <run_address>0x80a</run_address>
         <size>0x73</size>
         <input_file_ref idref="fl-c3"/>
      </object_component>
      <object_component id="oc-4b">
         <name>.debug_line</name>
         <load_address>0x87d</load_address>
         <run_address>0x87d</run_address>
         <size>0x3d</size>
         <input_file_ref idref="fl-c4"/>
      </object_component>
      <object_component id="oc-54">
         <name>.debug_line</name>
         <load_address>0x8ba</load_address>
         <run_address>0x8ba</run_address>
         <size>0x40</size>
         <input_file_ref idref="fl-c5"/>
      </object_component>
      <object_component id="oc-178">
         <name>.debug_line</name>
         <load_address>0x8fa</load_address>
         <run_address>0x8fa</run_address>
         <size>0xa2</size>
         <input_file_ref idref="fl-c6"/>
      </object_component>
      <object_component id="oc-cb">
         <name>.debug_line</name>
         <load_address>0x99c</load_address>
         <run_address>0x99c</run_address>
         <size>0x8f</size>
         <input_file_ref idref="fl-c6"/>
      </object_component>
      <object_component id="oc-17c">
         <name>.debug_line</name>
         <load_address>0xa2b</load_address>
         <run_address>0xa2b</run_address>
         <size>0x5b</size>
         <input_file_ref idref="fl-c6"/>
      </object_component>
      <object_component id="oc-a8">
         <name>.debug_line</name>
         <load_address>0xa86</load_address>
         <run_address>0xa86</run_address>
         <size>0x33</size>
         <input_file_ref idref="fl-c7"/>
      </object_component>
      <object_component id="oc-111">
         <name>.debug_line</name>
         <load_address>0xab9</load_address>
         <run_address>0xab9</run_address>
         <size>0x20</size>
         <input_file_ref idref="fl-c8"/>
      </object_component>
      <object_component id="oc-e2">
         <name>.debug_line</name>
         <load_address>0xad9</load_address>
         <run_address>0xad9</run_address>
         <size>0x2b</size>
         <input_file_ref idref="fl-c8"/>
      </object_component>
      <object_component id="oc-df">
         <name>.debug_line</name>
         <load_address>0xb04</load_address>
         <run_address>0xb04</run_address>
         <size>0x64</size>
         <input_file_ref idref="fl-c8"/>
      </object_component>
      <object_component id="oc-1dc">
         <name>.debug_line</name>
         <load_address>0xb68</load_address>
         <run_address>0xb68</run_address>
         <size>0xe0</size>
         <input_file_ref idref="fl-c9"/>
      </object_component>
      <object_component id="oc-103">
         <name>.debug_line</name>
         <load_address>0xc48</load_address>
         <run_address>0xc48</run_address>
         <size>0xc3f</size>
         <input_file_ref idref="fl-c9"/>
      </object_component>
      <object_component id="oc-167">
         <name>.debug_line</name>
         <load_address>0x1887</load_address>
         <run_address>0x1887</run_address>
         <size>0x5c</size>
         <input_file_ref idref="fl-c9"/>
      </object_component>
      <object_component id="oc-171">
         <name>.debug_line</name>
         <load_address>0x18e3</load_address>
         <run_address>0x18e3</run_address>
         <size>0x5b</size>
         <input_file_ref idref="fl-c9"/>
      </object_component>
      <object_component id="oc-1e0">
         <name>.debug_line</name>
         <load_address>0x193e</load_address>
         <run_address>0x193e</run_address>
         <size>0x5c</size>
         <input_file_ref idref="fl-c9"/>
      </object_component>
      <object_component id="oc-16c">
         <name>.debug_line</name>
         <load_address>0x199a</load_address>
         <run_address>0x199a</run_address>
         <size>0x2e</size>
         <input_file_ref idref="fl-c9"/>
      </object_component>
      <object_component id="oc-d3">
         <name>.debug_line</name>
         <load_address>0x19c8</load_address>
         <run_address>0x19c8</run_address>
         <size>0x2b</size>
         <input_file_ref idref="fl-ca"/>
      </object_component>
      <object_component id="oc-60">
         <name>.debug_line</name>
         <load_address>0x19f3</load_address>
         <run_address>0x19f3</run_address>
         <size>0x50</size>
         <input_file_ref idref="fl-ca"/>
      </object_component>
      <object_component id="oc-d7">
         <name>.debug_line</name>
         <load_address>0x1a43</load_address>
         <run_address>0x1a43</run_address>
         <size>0x2b</size>
         <input_file_ref idref="fl-ca"/>
      </object_component>
      <object_component id="oc-22e">
         <name>.debug_line</name>
         <load_address>0x1a6e</load_address>
         <run_address>0x1a6e</run_address>
         <size>0x5b</size>
         <input_file_ref idref="fl-cb"/>
      </object_component>
      <object_component id="oc-15a">
         <name>.debug_line</name>
         <load_address>0x1ac9</load_address>
         <run_address>0x1ac9</run_address>
         <size>0x65</size>
         <input_file_ref idref="fl-cb"/>
      </object_component>
      <object_component id="oc-bb">
         <name>.debug_line</name>
         <load_address>0x1b2e</load_address>
         <run_address>0x1b2e</run_address>
         <size>0x7b</size>
         <input_file_ref idref="fl-cc"/>
      </object_component>
      <object_component id="oc-5b">
         <name>.debug_line</name>
         <load_address>0x1ba9</load_address>
         <run_address>0x1ba9</run_address>
         <size>0x95</size>
         <input_file_ref idref="fl-cc"/>
      </object_component>
      <object_component id="oc-bf">
         <name>.debug_line</name>
         <load_address>0x1c3e</load_address>
         <run_address>0x1c3e</run_address>
         <size>0x2e</size>
         <input_file_ref idref="fl-cc"/>
      </object_component>
      <object_component id="oc-f1">
         <name>.debug_line</name>
         <load_address>0x1c6c</load_address>
         <run_address>0x1c6c</run_address>
         <size>0x5c</size>
         <input_file_ref idref="fl-cc"/>
      </object_component>
      <object_component id="oc-c4">
         <name>.debug_line</name>
         <load_address>0x1cc8</load_address>
         <run_address>0x1cc8</run_address>
         <size>0x5d</size>
         <input_file_ref idref="fl-cc"/>
      </object_component>
      <object_component id="oc-e8">
         <name>.debug_line</name>
         <load_address>0x1d25</load_address>
         <run_address>0x1d25</run_address>
         <size>0x6a</size>
         <input_file_ref idref="fl-cd"/>
      </object_component>
      <object_component id="oc-8d">
         <name>.debug_line</name>
         <load_address>0x1d8f</load_address>
         <run_address>0x1d8f</run_address>
         <size>0x78</size>
         <input_file_ref idref="fl-cd"/>
      </object_component>
      <object_component id="oc-ec">
         <name>.debug_line</name>
         <load_address>0x1e07</load_address>
         <run_address>0x1e07</run_address>
         <size>0x2e</size>
         <input_file_ref idref="fl-cd"/>
      </object_component>
      <object_component id="oc-25d">
         <name>.debug_line</name>
         <load_address>0x1e35</load_address>
         <run_address>0x1e35</run_address>
         <size>0x20</size>
         <input_file_ref idref="fl-ce"/>
      </object_component>
      <object_component id="oc-22b">
         <name>.debug_line</name>
         <load_address>0x1e55</load_address>
         <run_address>0x1e55</run_address>
         <size>0x2b</size>
         <input_file_ref idref="fl-ce"/>
      </object_component>
      <object_component id="oc-1e3">
         <name>.debug_line</name>
         <load_address>0x1e80</load_address>
         <run_address>0x1e80</run_address>
         <size>0x2a</size>
         <input_file_ref idref="fl-cf"/>
      </object_component>
      <object_component id="oc-174">
         <name>.debug_line</name>
         <load_address>0x1eaa</load_address>
         <run_address>0x1eaa</run_address>
         <size>0x2a</size>
         <input_file_ref idref="fl-cf"/>
      </object_component>
      <object_component id="oc-203">
         <name>.debug_line</name>
         <load_address>0x1ed4</load_address>
         <run_address>0x1ed4</run_address>
         <size>0x2a</size>
         <input_file_ref idref="fl-cf"/>
      </object_component>
      <object_component id="oc-1aa">
         <name>.debug_line</name>
         <load_address>0x1efe</load_address>
         <run_address>0x1efe</run_address>
         <size>0xab</size>
         <input_file_ref idref="fl-d0"/>
      </object_component>
      <object_component id="oc-f7">
         <name>.debug_line</name>
         <load_address>0x1fa9</load_address>
         <run_address>0x1fa9</run_address>
         <size>0x9a</size>
         <input_file_ref idref="fl-d0"/>
      </object_component>
      <object_component id="oc-1b0">
         <name>.debug_line</name>
         <load_address>0x2043</load_address>
         <run_address>0x2043</run_address>
         <size>0xe7</size>
         <input_file_ref idref="fl-d1"/>
      </object_component>
      <object_component id="oc-fd">
         <name>.debug_line</name>
         <load_address>0x212a</load_address>
         <run_address>0x212a</run_address>
         <size>0xf7</size>
         <input_file_ref idref="fl-d1"/>
      </object_component>
      <object_component id="oc-213">
         <name>.debug_line</name>
         <load_address>0x2221</load_address>
         <run_address>0x2221</run_address>
         <size>0xa3</size>
         <input_file_ref idref="fl-d2"/>
      </object_component>
      <object_component id="oc-211">
         <name>.debug_line</name>
         <load_address>0x22c4</load_address>
         <run_address>0x22c4</run_address>
         <size>0x2c</size>
         <input_file_ref idref="fl-d2"/>
      </object_component>
      <object_component id="oc-123">
         <name>.debug_line</name>
         <load_address>0x22f0</load_address>
         <run_address>0x22f0</run_address>
         <size>0x2d0</size>
         <input_file_ref idref="fl-d2"/>
      </object_component>
      <object_component id="oc-217">
         <name>.debug_line</name>
         <load_address>0x25c0</load_address>
         <run_address>0x25c0</run_address>
         <size>0x2c</size>
         <input_file_ref idref="fl-d2"/>
      </object_component>
      <object_component id="oc-1a7">
         <name>.debug_line</name>
         <load_address>0x25ec</load_address>
         <run_address>0x25ec</run_address>
         <size>0x2a</size>
         <input_file_ref idref="fl-d2"/>
      </object_component>
      <object_component id="oc-220">
         <name>.debug_line</name>
         <load_address>0x2616</load_address>
         <run_address>0x2616</run_address>
         <size>0x5c</size>
         <input_file_ref idref="fl-d3"/>
      </object_component>
      <object_component id="oc-142">
         <name>.debug_line</name>
         <load_address>0x2672</load_address>
         <run_address>0x2672</run_address>
         <size>0x5c</size>
         <input_file_ref idref="fl-d3"/>
      </object_component>
      <object_component id="oc-230">
         <name>.debug_line</name>
         <load_address>0x26ce</load_address>
         <run_address>0x26ce</run_address>
         <size>0x20</size>
         <input_file_ref idref="fl-d4"/>
      </object_component>
      <object_component id="oc-161">
         <name>.debug_line</name>
         <load_address>0x26ee</load_address>
         <run_address>0x26ee</run_address>
         <size>0x48</size>
         <input_file_ref idref="fl-d4"/>
      </object_component>
      <object_component id="oc-21c">
         <name>.debug_line</name>
         <load_address>0x2736</load_address>
         <run_address>0x2736</run_address>
         <size>0x20</size>
         <input_file_ref idref="fl-d5"/>
      </object_component>
      <object_component id="oc-131">
         <name>.debug_line</name>
         <load_address>0x2756</load_address>
         <run_address>0x2756</run_address>
         <size>0x80</size>
         <input_file_ref idref="fl-d5"/>
      </object_component>
      <object_component id="oc-222">
         <name>.debug_line</name>
         <load_address>0x27d6</load_address>
         <run_address>0x27d6</run_address>
         <size>0x20</size>
         <input_file_ref idref="fl-d6"/>
      </object_component>
      <object_component id="oc-148">
         <name>.debug_line</name>
         <load_address>0x27f6</load_address>
         <run_address>0x27f6</run_address>
         <size>0x59</size>
         <input_file_ref idref="fl-d6"/>
      </object_component>
      <object_component id="oc-1c5">
         <name>.debug_line</name>
         <load_address>0x284f</load_address>
         <run_address>0x284f</run_address>
         <size>0x5c</size>
         <input_file_ref idref="fl-d6"/>
      </object_component>
      <object_component id="oc-227">
         <name>.debug_line</name>
         <load_address>0x28ab</load_address>
         <run_address>0x28ab</run_address>
         <size>0x65</size>
         <input_file_ref idref="fl-d7"/>
      </object_component>
      <object_component id="oc-14e">
         <name>.debug_line</name>
         <load_address>0x2910</load_address>
         <run_address>0x2910</run_address>
         <size>0xa8</size>
         <input_file_ref idref="fl-d7"/>
      </object_component>
      <object_component id="oc-90">
         <name>.debug_line</name>
         <load_address>0x29b8</load_address>
         <run_address>0x29b8</run_address>
         <size>0x3c</size>
         <input_file_ref idref="fl-d8"/>
      </object_component>
      <object_component id="oc-229">
         <name>.debug_line</name>
         <load_address>0x29f4</load_address>
         <run_address>0x29f4</run_address>
         <size>0x20</size>
         <input_file_ref idref="fl-d9"/>
      </object_component>
      <object_component id="oc-152">
         <name>.debug_line</name>
         <load_address>0x2a14</load_address>
         <run_address>0x2a14</run_address>
         <size>0x7e</size>
         <input_file_ref idref="fl-d9"/>
      </object_component>
      <object_component id="oc-243">
         <name>.debug_line</name>
         <load_address>0x2a92</load_address>
         <run_address>0x2a92</run_address>
         <size>0x20</size>
         <input_file_ref idref="fl-da"/>
      </object_component>
      <object_component id="oc-193">
         <name>.debug_line</name>
         <load_address>0x2ab2</load_address>
         <run_address>0x2ab2</run_address>
         <size>0x74</size>
         <input_file_ref idref="fl-da"/>
      </object_component>
      <object_component id="oc-21a">
         <name>.debug_line</name>
         <load_address>0x2b26</load_address>
         <run_address>0x2b26</run_address>
         <size>0x20</size>
         <input_file_ref idref="fl-db"/>
      </object_component>
      <object_component id="oc-12a">
         <name>.debug_line</name>
         <load_address>0x2b46</load_address>
         <run_address>0x2b46</run_address>
[...]
         <index>0x0</index>
         <name>__TI_zero_init</name>
      </handler>
      <handler>
         <index>0x1</index>
         <name>__TI_decompress_lzss</name>
      </handler>
      <handler>
         <index>0x2</index>
         <name>__TI_decompress_none</name>
      </handler>
   </handler_table>
   <symbol_table>
      <symbol id="sm-1">
         <name>__TI_CINIT_Base</name>
         <value>0x4bd0</value>
      </symbol>
      <symbol id="sm-2">
         <name>__TI_CINIT_Limit</name>
         <value>0x4be0</value>
      </symbol>
      <symbol id="sm-3">
         <name>__TI_Handler_Table_Base</name>
         <value>0x4bb8</value>
      </symbol>
      <symbol id="sm-4">
         <name>__TI_Handler_Table_Limit</name>
         <value>0x4bc4</value>
      </symbol>
      <symbol id="sm-5">
         <name>binit</name>
         <value>0xffffffff</value>
      </symbol>
      <symbol id="sm-6">
         <name>__binit__</name>
         <value>0xffffffff</value>
      </symbol>
      <symbol id="sm-7">
         <name>__STACK_SIZE</name>
         <value>0x800</value>
      </symbol>
      <symbol id="sm-8">
         <name>__STACK_END</name>
         <value>0x4b44</value>
      </symbol>
      <symbol id="sm-9">
         <name>__SYSMEM_SIZE</name>
         <value>0x800</value>
      </symbol>
      <symbol id="sm-a">
         <name>__c_args__</name>
         <value>0xffffffff</value>
      </symbol>
      <symbol id="sm-b">
         <name>__TI_pprof_out_hndl</name>
         <value>0xffffffff</value>
      </symbol>
      <symbol id="sm-c">
         <name>__TI_prof_data_start</name>
         <value>0xffffffff</value>
      </symbol>
      <symbol id="sm-d">
         <name>__TI_prof_data_size</name>
         <value>0xffffffff</value>
      </symbol>
      <symbol id="sm-43">
         <name>main</name>
         <value>0x40f4</value>
         <object_component_ref idref="oc-96"/>
      </symbol>
      <symbol id="sm-54">
         <name>_c_int00</name>
         <value>0x3f40</value>
         <object_component_ref idref="oc-1e"/>
      </symbol>
      <symbol id="sm-55">
         <name>__stack</name>
         <value>0x4344</value>
         <object_component_ref idref="oc-23"/>
      </symbol>
      <symbol id="sm-73">
         <name>__TI_decompress_lzss</name>
         <value>0x3c0c</value>
         <object_component_ref idref="oc-c"/>
      </symbol>
      <symbol id="sm-8a">
         <name>__TI_decompress_none</name>
         <value>0x4208</value>
         <object_component_ref idref="oc-12"/>
      </symbol>
      <symbol id="sm-a1">
         <name>__TI_zero_init</name>
         <value>0x421c</value>
         <object_component_ref idref="oc-18"/>
      </symbol>
      <symbol id="sm-c2">
         <name>C$$EXIT</name>
         <value>0x3c9c</value>
         <object_component_ref idref="oc-62"/>
      </symbol>
      <symbol id="sm-c3">
         <name>abort</name>
         <value>0x3ca4</value>
         <object_component_ref idref="oc-62"/>
      </symbol>
      <symbol id="sm-c4">
         <name>exit</name>
         <value>0x3cb0</value>
         <object_component_ref idref="oc-62"/>
      </symbol>
      <symbol id="sm-c5">
         <name>__TI_dtors_ptr</name>
         <value>0x8001ed4</value>
         <object_component_ref idref="oc-9e"/>
      </symbol>
      <symbol id="sm-c6">
         <name>__TI_cleanup_ptr</name>
         <value>0x8001ed0</value>
         <object_component_ref idref="oc-9e"/>
      </symbol>
      <symbol id="sm-c7">
         <name>__TI_enable_exit_profile_output</name>
         <value>0x8001ed8</value>
         <object_component_ref idref="oc-9e"/>
      </symbol>
      <symbol id="sm-e0">
         <name>memcpy</name>
         <value>0x3080</value>
         <object_component_ref idref="oc-32"/>
      </symbol>
      <symbol id="sm-e1">
         <name>__aeabi_memcpy</name>
         <value>0x3080</value>
         <object_component_ref idref="oc-32"/>
      </symbol>
      <symbol id="sm-e2">
         <name>__aeabi_memcpy8</name>
         <value>0x3080</value>
         <object_component_ref idref="oc-32"/>
      </symbol>
      <symbol id="sm-e3">
         <name>__aeabi_memcpy4</name>
         <value>0x3080</value>
         <object_component_ref idref="oc-32"/>
      </symbol>
      <symbol id="sm-f2">
         <name>__aeabi_memset</name>
         <value>0x38c8</value>
         <object_component_ref idref="oc-3e"/>
      </symbol>
      <symbol id="sm-f3">
         <name>memset</name>
         <value>0x38d4</value>
         <object_component_ref idref="oc-3e"/>
      </symbol>
      <symbol id="sm-f4">
         <name>__aeabi_memset8</name>
         <value>0x38c8</value>
         <object_component_ref idref="oc-3e"/>
      </symbol>
      <symbol id="sm-f5">
         <name>__aeabi_memset4</name>
         <value>0x38c8</value>
         <object_component_ref idref="oc-3e"/>
      </symbol>
      <symbol id="sm-f6">
         <name>__aeabi_memclr8</name>
         <value>0x38c4</value>
         <object_component_ref idref="oc-3e"/>
      </symbol>
      <symbol id="sm-f7">
         <name>__aeabi_memclr4</name>
         <value>0x38c4</value>
         <object_component_ref idref="oc-3e"/>
      </symbol>
      <symbol id="sm-f8">
         <name>__aeabi_memclr</name>
         <value>0x38c4</value>
         <object_component_ref idref="oc-3e"/>
      </symbol>
      <symbol id="sm-102">
         <name>__mpu_init</name>
         <value>0x4238</value>
         <object_component_ref idref="oc-4a"/>
      </symbol>
      <symbol id="sm-10c">
         <name>_system_pre_init</name>
         <value>0x422c</value>
         <object_component_ref idref="oc-50"/>
      </symbol>
      <symbol id="sm-12a">
         <name>printf</name>
         <value>0x3acc</value>
         <object_component_ref idref="oc-c6"/>
      </symbol>
      <symbol id="sm-132">
         <name>main_func_sp</name>
         <value>0x8001ef8</value>
         <object_component_ref idref="oc-68"/>
      </symbol>
      <symbol id="sm-14c">
         <name>_nop</name>
         <value>0x4184</value>
         <object_component_ref idref="oc-db"/>
      </symbol>
      <symbol id="sm-14d">
         <name>_lock</name>
         <value>0x8001ee8</value>
         <object_component_ref idref="oc-a1"/>
      </symbol>
      <symbol id="sm-14e">
         <name>_unlock</name>
         <value>0x8001eec</value>
         <object_component_ref idref="oc-a1"/>
      </symbol>
      <symbol id="sm-14f">
         <name>_register_lock</name>
         <value>0x4178</value>
         <object_component_ref idref="oc-db"/>
      </symbol>
      <symbol id="sm-150">
         <name>_register_unlock</name>
         <value>0x416c</value>
         <object_component_ref idref="oc-db"/>
      </symbol>
      <symbol id="sm-23b">
         <name>__TI_printfi</name>
         <value>0xadc</value>
         <object_component_ref idref="oc-ff"/>
      </symbol>
      <symbol id="sm-24f">
         <name>_args_main</name>
         <value>0x4190</value>
         <object_component_ref idref="oc-5c"/>
      </symbol>
      <symbol id="sm-262">
         <name>atoi</name>
         <value>0x3db8</value>
         <object_component_ref idref="oc-156"/>
      </symbol>
      <symbol id="sm-28b">
         <name>__TI_auto_init</name>
         <value>0x3974</value>
         <object_component_ref idref="oc-56"/>
      </symbol>
      <symbol id="sm-2a5">
         <name>copy_in</name>
         <value>0x3e3c</value>
         <object_component_ref idref="oc-88"/>
      </symbol>
      <symbol id="sm-2b0">
         <name>_ctypes_</name>
         <value>0x4240</value>
         <object_component_ref idref="oc-1d4"/>
      </symbol>
      <symbol id="sm-2c5">
         <name>__TI_tmpnams</name>
         <value>0x800201c</value>
      </symbol>
      <symbol id="sm-2c6">
         <name>__aeabi_stdout</name>
         <value>0x8001ec8</value>
         <object_component_ref idref="oc-18d"/>
      </symbol>
      <symbol id="sm-2c7">
         <name>__aeabi_stderr</name>
         <value>0x8001ecc</value>
         <object_component_ref idref="oc-18d"/>
      </symbol>
      <symbol id="sm-2c8">
         <name>__aeabi_stdin</name>
         <value>0x8001ec4</value>
         <object_component_ref idref="oc-18d"/>
      </symbol>
      <symbol id="sm-2c9">
         <name>_ftable</name>
         <value>0x8001d00</value>
         <object_component_ref idref="oc-105"/>
      </symbol>
      <symbol id="sm-2ca">
         <name>__TI_ft_end</name>
         <value>0x8001ec0</value>
         <object_component_ref idref="oc-18d"/>
      </symbol>
      <symbol id="sm-2e2">
         <name>putc</name>
         <value>0x36bc</value>
         <object_component_ref idref="oc-f3"/>
      </symbol>
      <symbol id="sm-2e3">
         <name>fputc</name>
         <value>0x36bc</value>
         <object_component_ref idref="oc-f3"/>
      </symbol>
      <symbol id="sm-2e4">
         <name>putchar</name>
         <value>0x37b4</value>
         <object_component_ref idref="oc-f3"/>
      </symbol>
      <symbol id="sm-304">
         <name>puts</name>
         <value>0x3048</value>
         <object_component_ref idref="oc-f9"/>
      </symbol>
      <symbol id="sm-305">
         <name>fputs</name>
         <value>0x2eac</value>
         <object_component_ref idref="oc-f9"/>
      </symbol>
      <symbol id="sm-351">
         <name>open</name>
         <value>0x20b0</value>
         <object_component_ref idref="oc-11e"/>
      </symbol>
      <symbol id="sm-352">
         <name>add_device</name>
         <value>0x22a8</value>
         <object_component_ref idref="oc-11e"/>
      </symbol>
      <symbol id="sm-353">
         <name>remove_device</name>
         <value>0x201c</value>
         <object_component_ref idref="oc-11e"/>
      </symbol>
      <symbol id="sm-354">
         <name>lseek</name>
         <value>0x21cc</value>
         <object_component_ref idref="oc-11e"/>
      </symbol>
      <symbol id="sm-355">
         <name>read</name>
         <value>0x2068</value>
         <object_component_ref idref="oc-11e"/>
      </symbol>
      <symbol id="sm-356">
         <name>rename</name>
         <value>0x1fb0</value>
         <object_component_ref idref="oc-11e"/>
      </symbol>
      <symbol id="sm-357">
         <name>write</name>
         <value>0x1e74</value>
         <object_component_ref idref="oc-11e"/>
      </symbol>
      <symbol id="sm-358">
         <name>close</name>
         <value>0x2214</value>
         <object_component_ref idref="oc-11e"/>
      </symbol>
      <symbol id="sm-359">
         <name>unlink</name>
         <value>0x1f70</value>
         <object_component_ref idref="oc-11e"/>
      </symbol>
      <symbol id="sm-367">
         <name>ltoa</name>
         <value>0x3ec0</value>
         <object_component_ref idref="oc-13e"/>
      </symbol>
      <symbol id="sm-376">
         <name>memccpy</name>
         <value>0x409c</value>
         <object_component_ref idref="oc-15c"/>
      </symbol>
      <symbol id="sm-385">
         <name>memchr</name>
         <value>0x40c8</value>
         <object_component_ref idref="oc-12c"/>
      </symbol>
      <symbol id="sm-39d">
         <name>frexpl</name>
         <value>0x3d2c</value>
         <object_component_ref idref="oc-144"/>
      </symbol>
      <symbol id="sm-39e">
         <name>frexp</name>
         <value>0x3d2c</value>
         <object_component_ref idref="oc-144"/>
      </symbol>
      <symbol id="sm-3bb">
         <name>scalbn</name>
         <value>0x3488</value>
         <object_component_ref idref="oc-14a"/>
      </symbol>
      <symbol id="sm-3bc">
         <name>scalbnl</name>
         <value>0x3488</value>
         <object_component_ref idref="oc-14a"/>
      </symbol>
      <symbol id="sm-3bd">
         <name>ldexpl</name>
         <value>0x3488</value>
         <object_component_ref idref="oc-14a"/>
      </symbol>
      <symbol id="sm-3be">
         <name>ldexp</name>
         <value>0x3488</value>
         <object_component_ref idref="oc-14a"/>
      </symbol>
      <symbol id="sm-3c8">
         <name>_system_post_cinit</name>
         <value>0x423c</value>
         <object_component_ref idref="oc-8e"/>
      </symbol>
      <symbol id="sm-3d6">
         <name>strchr</name>
         <value>0x411c</value>
         <object_component_ref idref="oc-150"/>
      </symbol>
      <symbol id="sm-3e4">
         <name>strcmp</name>
         <value>0x4144</value>
         <object_component_ref idref="oc-192"/>
      </symbol>
      <symbol id="sm-3f2">
         <name>strlen</name>
         <value>0x41d0</value>
         <object_component_ref idref="oc-126"/>
      </symbol>
      <symbol id="sm-401">
         <name>strncpy</name>
         <value>0x4054</value>
         <object_component_ref idref="oc-198"/>
      </symbol>
      <symbol id="sm-429">
         <name>HOSTgetenv</name>
         <value>0x27dc</value>
         <object_component_ref idref="oc-20a"/>
      </symbol>
      <symbol id="sm-42a">
         <name>HOSTrename</name>
         <value>0x2594</value>
         <object_component_ref idref="oc-20a"/>
      </symbol>
      <symbol id="sm-42b">
         <name>HOSTclose</name>
         <value>0x2844</value>
         <object_component_ref idref="oc-20a"/>
      </symbol>
      <symbol id="sm-42c">
         <name>HOSTtime64</name>
         <value>0x24b8</value>
         <object_component_ref idref="oc-20a"/>
      </symbol>
      <symbol id="sm-42d">
         <name>HOSTunlink</name>
         <value>0x2454</value>
         <object_component_ref idref="oc-20a"/>
      </symbol>
      <symbol id="sm-42e">
         <name>HOSTlseek</name>
         <value>0x273c</value>
         <object_component_ref idref="oc-20a"/>
      </symbol>
      <symbol id="sm-42f">
         <name>HOSTopen</name>
         <value>0x26b0</value>
         <object_component_ref idref="oc-20a"/>
      </symbol>
      <symbol id="sm-430">
         <name>HOSTclock</name>
         <value>0x28b4</value>
         <object_component_ref idref="oc-20a"/>
      </symbol>
      <symbol id="sm-431">
         <name>HOSTwrite</name>
         <value>0x23d0</value>
         <object_component_ref idref="oc-20a"/>
      </symbol>
      <symbol id="sm-432">
         <name>HOSTread</name>
         <value>0x262c</value>
         <object_component_ref idref="oc-20a"/>
      </symbol>
      <symbol id="sm-433">
         <name>HOSTtime</name>
         <value>0x2534</value>
         <object_component_ref idref="oc-20a"/>
      </symbol>
      <symbol id="sm-44d">
         <name>__TI_readmsg</name>
         <value>0x3bb8</value>
         <object_component_ref idref="oc-246"/>
      </symbol>
      <symbol id="sm-44e">
         <name>C$$IO$$</name>
         <value>0x3bb0</value>
         <object_component_ref idref="oc-246"/>
      </symbol>
      <symbol id="sm-44f">
         <name>__CIOBUF_</name>
         <value>0x8001efc</value>
         <object_component_ref idref="oc-265"/>
      </symbol>
      <symbol id="sm-450">
         <name>__TI_writemsg</name>
         <value>0x3b68</value>
         <object_component_ref idref="oc-246"/>
      </symbol>
      <symbol id="sm-45c">
         <name>__aeabi_uidivmod</name>
         <value>0x4004</value>
         <object_component_ref idref="oc-139"/>
      </symbol>
      <symbol id="sm-45d">
         <name>__aeabi_uidiv</name>
         <value>0x4004</value>
         <object_component_ref idref="oc-139"/>
      </symbol>
      <symbol id="sm-479">
         <name>__aeabi_uldivmod</name>
         <value>0x2bf4</value>
         <object_component_ref idref="oc-134"/>
      </symbol>
      <symbol id="sm-495">
         <name>__TI_wrt_ok</name>
         <value>0x35a4</value>
         <object_component_ref idref="oc-112"/>
      </symbol>
      <symbol id="sm-496">
         <name>__TI_rd_ok</name>
         <value>0x3644</value>
         <object_component_ref idref="oc-112"/>
      </symbol>
      <symbol id="sm-49e">
         <name>errno</name>
         <value>0x8001ef0</value>
         <object_component_ref idref="oc-1cd"/>
      </symbol>
      <symbol id="sm-4b8">
         <name>__TI_doflush</name>
         <value>0x3358</value>
         <object_component_ref idref="oc-118"/>
      </symbol>
      <symbol id="sm-4b9">
         <name>fflush</name>
         <value>0x33dc</value>
         <object_component_ref idref="oc-118"/>
      </symbol>
      <symbol id="sm-4cb">
         <name>fseek</name>
         <value>0x3a1c</value>
         <object_component_ref idref="oc-17f"/>
      </symbol>
      <symbol id="sm-4d5">
         <name>__aeabi_idiv0</name>
         <value>0x4234</value>
         <object_component_ref idref="oc-1b2"/>
      </symbol>
      <symbol id="sm-4e1">
         <name>__aeabi_idivmod</name>
         <value>0x3fb0</value>
         <object_component_ref idref="oc-1b9"/>
      </symbol>
      <symbol id="sm-4e2">
         <name>__aeabi_idiv</name>
         <value>0x3fb0</value>
         <object_component_ref idref="oc-1b9"/>
      </symbol>
      <symbol id="sm-4ec">
         <name>copysign</name>
         <value>0x41b0</value>
         <object_component_ref idref="oc-1c7"/>
      </symbol>
      <symbol id="sm-4ed">
         <name>copysignl</name>
         <value>0x41b0</value>
         <object_component_ref idref="oc-1c7"/>
      </symbol>
      <symbol id="sm-507">
         <name>setvbuf</name>
         <value>0x3200</value>
         <object_component_ref idref="oc-185"/>
      </symbol>
      <symbol id="sm-515">
         <name>strcpy</name>
         <value>0x41f0</value>
         <object_component_ref idref="oc-24c"/>
      </symbol>
      <symbol id="sm-548">
         <name>__TI_cleanup</name>
         <value>0x2a60</value>
         <object_component_ref idref="oc-1f3"/>
      </symbol>
      <symbol id="sm-549">
         <name>freopen</name>
         <value>0x2aac</value>
         <object_component_ref idref="oc-1f3"/>
      </symbol>
      <symbol id="sm-54a">
         <name>fopen</name>
         <value>0x2af8</value>
         <object_component_ref idref="oc-1f3"/>
      </symbol>
      <symbol id="sm-5aa">
         <name>_sys_memory</name>
         <value>0x8001500</value>
         <object_component_ref idref="oc-24"/>
      </symbol>
      <symbol id="sm-5ab">
         <name>free</name>
         <value>0x19f0</value>
         <object_component_ref idref="oc-1ed"/>
      </symbol>
      <symbol id="sm-5ac">
         <name>realloc</name>
         <value>0x1b48</value>
         <object_component_ref idref="oc-1ed"/>
      </symbol>
      <symbol id="sm-5ad">
         <name>memalign</name>
         <value>0x1cdc</value>
         <object_component_ref idref="oc-1ed"/>
      </symbol>
      <symbol id="sm-5ae">
         <name>calloc</name>
         <value>0x1e20</value>
         <object_component_ref idref="oc-1ed"/>
      </symbol>
      <symbol id="sm-5af">
         <name>malloc</name>
         <value>0x1930</value>
         <object_component_ref idref="oc-1ed"/>
      </symbol>
      <symbol id="sm-5b0">
         <name>minit</name>
         <value>0x183c</value>
         <object_component_ref idref="oc-1ed"/>
      </symbol>
      <symbol id="sm-5c6">
         <name>__TI_closefile</name>
         <value>0x37c8</value>
         <object_component_ref idref="oc-237"/>
      </symbol>
      <symbol id="sm-5c7">
         <name>fclose</name>
         <value>0x3874</value>
         <object_component_ref idref="oc-237"/>
      </symbol>
      <symbol id="sm-5c9">
         <name>__TI_static_base__</name>
         <value>0x4b48</value>
      </symbol>
      <symbol id="sm-5cc">
         <name>SHT$$INIT_ARRAY$$Limit</name>
         <value>0x0</value>
      </symbol>
      <symbol id="sm-5cd">
         <name>SHT$$INIT_ARRAY$$Base</name>
         <value>0x0</value>
      </symbol>
      <symbol id="sm-5ce">
         <name>remove</name>
         <value>0x1f70</value>
      </symbol>
   </symbol_table>
   <title>Link successful</title>
</link_info>
